========================================
  Building llama-cpp-python with CUDA
========================================
**********************************************************************
** Visual Studio 2022 Developer Command Prompt v17.14.17
** Copyright (c) 2025 Microsoft Corporation
**********************************************************************
[vcvarsall.bat] Environment initialized for: 'x64'

[OK] Environment ready
Building with CUDA (ARCH=61 for GTX 1070)...

Using pip 26.1 from C:\Users\gabri\OneDrive\Desktop\Ollama reactjs LLM DeepSeek Integration\server\.venv\Lib\site-packages\pip (python 3.12)
Collecting llama-cpp-python==0.3.19
  Downloading llama_cpp_python-0.3.19.tar.gz (59.0 MB)
     ---------------------------------------- 59.0/59.0 MB 19.5 MB/s  0:00:03
  Installing build dependencies: started
  Running command installing build dependencies for llama-cpp-python
  Using pip 26.1 from C:\Users\gabri\OneDrive\Desktop\Ollama reactjs LLM DeepSeek Integration\server\.venv\Lib\site-packages\pip (python 3.12)
  Collecting scikit-build-core>=0.9.2 (from scikit-build-core[pyproject]>=0.9.2)
    Obtaining dependency information for scikit-build-core>=0.9.2 from https://files.pythonhosted.org/packages/07/49/b2f0fbe3165d55c02e7f9eec6a10685d518af0ef6e919ff2f589c2d15c85/scikit_build_core-0.12.2-py3-none-any.whl.metadata
    Using cached scikit_build_core-0.12.2-py3-none-any.whl.metadata (16 kB)
  Collecting packaging>=23.2 (from scikit-build-core>=0.9.2->scikit-build-core[pyproject]>=0.9.2)
    Obtaining dependency information for packaging>=23.2 from https://files.pythonhosted.org/packages/df/b2/87e62e8c3e2f4b32e5fe99e0b86d576da1312593b39f47d8ceef365e95ed/packaging-26.2-py3-none-any.whl.metadata
    Using cached packaging-26.2-py3-none-any.whl.metadata (3.5 kB)
  Collecting pathspec>=0.12.0 (from scikit-build-core>=0.9.2->scikit-build-core[pyproject]>=0.9.2)
    Obtaining dependency information for pathspec>=0.12.0 from https://files.pythonhosted.org/packages/f1/d9/7fb5aa316bc299258e68c73ba3bddbc499654a07f151cba08f6153988714/pathspec-1.1.1-py3-none-any.whl.metadata
    Using cached pathspec-1.1.1-py3-none-any.whl.metadata (14 kB)
  Using cached scikit_build_core-0.12.2-py3-none-any.whl (192 kB)
  Using cached packaging-26.2-py3-none-any.whl (100 kB)
  Using cached pathspec-1.1.1-py3-none-any.whl (57 kB)
  Installing collected packages: pathspec, packaging, scikit-build-core

  Successfully installed packaging-26.2 pathspec-1.1.1 scikit-build-core-0.12.2
  Installing build dependencies: finished with status 'done'
  Getting requirements to build wheel: started
  Running command Getting requirements to build wheel
  Getting requirements to build wheel: finished with status 'done'
  Installing backend dependencies: started
  Running command installing backend dependencies for llama-cpp-python
  Using pip 26.1 from C:\Users\gabri\OneDrive\Desktop\Ollama reactjs LLM DeepSeek Integration\server\.venv\Lib\site-packages\pip (python 3.12)
  Collecting ninja>=1.5
    Obtaining dependency information for ninja>=1.5 from https://files.pythonhosted.org/packages/29/45/c0adfbfb0b5895aa18cec400c535b4f7ff3e52536e0403602fc1a23f7de9/ninja-1.13.0-py3-none-win_amd64.whl.metadata
    Using cached ninja-1.13.0-py3-none-win_amd64.whl.metadata (5.1 kB)
  Collecting cmake>=3.21
    Obtaining dependency information for cmake>=3.21 from https://files.pythonhosted.org/packages/96/8d/7ceb7223d274e88d621ce00f2160ae74aead18a3d36f61b8fb52cbe6b7ca/cmake-4.3.2-py3-none-win_amd64.whl.metadata
    Using cached cmake-4.3.2-py3-none-win_amd64.whl.metadata (6.5 kB)
  Using cached ninja-1.13.0-py3-none-win_amd64.whl (309 kB)
  Using cached cmake-4.3.2-py3-none-win_amd64.whl (41.3 MB)
  Installing collected packages: ninja, cmake

  Successfully installed cmake-4.3.2 ninja-1.13.0
  Installing backend dependencies: finished with status 'done'
  Preparing metadata (pyproject.toml): started
  Running command Preparing metadata (pyproject.toml)
  *** scikit-build-core 0.12.2 using CMake 4.3.2 (metadata_wheel)
  Preparing metadata (pyproject.toml): finished with status 'done'
Collecting typing-extensions>=4.5.0 (from llama-cpp-python==0.3.19)
  Obtaining dependency information for typing-extensions>=4.5.0 from https://files.pythonhosted.org/packages/18/67/36e9267722cc04a6b9f15c7f3441c2363321a3ea07da7ae0c0707beb2a9c/typing_extensions-4.15.0-py3-none-any.whl.metadata
  Downloading typing_extensions-4.15.0-py3-none-any.whl.metadata (3.3 kB)
  Link requires a different Python (3.12.6 not in: '>=3.7,<3.11'): https://files.pythonhosted.org/packages/3a/be/650f9c091ef71cb01d735775d554e068752d3ff63d7943b26316dc401749/numpy-1.21.2.zip (from https://pypi.org/simple/numpy/) (requires-python:>=3.7,<3.11)
  Link requires a different Python (3.12.6 not in: '>=3.7,<3.11'): https://files.pythonhosted.org/packages/5f/d6/ad58ded26556eaeaa8c971e08b6466f17c4ac4d786cd3d800e26ce59cc01/numpy-1.21.3.zip (from https://pypi.org/simple/numpy/) (requires-python:>=3.7,<3.11)
  Link requires a different Python (3.12.6 not in: '>=3.7,<3.11'): https://files.pythonhosted.org/packages/fb/48/b0708ebd7718a8933f0d3937513ef8ef2f4f04529f1f66ca86d873043921/numpy-1.21.4.zip (from https://pypi.org/simple/numpy/) (requires-python:>=3.7,<3.11)
  Link requires a different Python (3.12.6 not in: '>=3.7,<3.11'): https://files.pythonhosted.org/packages/c2/a8/a924a09492bdfee8c2ec3094d0a13f2799800b4fdc9c890738aeeb12c72e/numpy-1.21.5.zip (from https://pypi.org/simple/numpy/) (requires-python:>=3.7,<3.11)
  Link requires a different Python (3.12.6 not in: '>=3.7,<3.11'): https://files.pythonhosted.org/packages/45/b7/de7b8e67f2232c26af57c205aaad29fe17754f793404f59c8a730c7a191a/numpy-1.21.6.zip (from https://pypi.org/simple/numpy/) (requires-python:>=3.7,<3.11)
Collecting numpy>=1.20.0 (from llama-cpp-python==0.3.19)
  Obtaining dependency information for numpy>=1.20.0 from https://files.pythonhosted.org/packages/2d/5b/e1deebf88ff431b01b7406ca3583ab2bbb90972bbe1c568732e49c844f7e/numpy-2.4.4-cp312-cp312-win_amd64.whl.metadata
  Downloading numpy-2.4.4-cp312-cp312-win_amd64.whl.metadata (6.6 kB)
Collecting diskcache>=5.6.1 (from llama-cpp-python==0.3.19)
  Obtaining dependency information for diskcache>=5.6.1 from https://files.pythonhosted.org/packages/3f/27/4570e78fc0bf5ea0ca45eb1de3818a23787af9b390c0b0a0033a1b8236f9/diskcache-5.6.3-py3-none-any.whl.metadata
  Downloading diskcache-5.6.3-py3-none-any.whl.metadata (20 kB)
Collecting jinja2>=2.11.3 (from llama-cpp-python==0.3.19)
  Obtaining dependency information for jinja2>=2.11.3 from https://files.pythonhosted.org/packages/62/a1/3d680cbfd5f4b8f15abc1d571870c5fc3e594bb582bc3b64ea099db13e56/jinja2-3.1.6-py3-none-any.whl.metadata
  Downloading jinja2-3.1.6-py3-none-any.whl.metadata (2.9 kB)
Collecting MarkupSafe>=2.0 (from jinja2>=2.11.3->llama-cpp-python==0.3.19)
  Obtaining dependency information for MarkupSafe>=2.0 from https://files.pythonhosted.org/packages/aa/5b/bec5aa9bbbb2c946ca2733ef9c4ca91c91b6a24580193e891b5f7dbe8e1e/markupsafe-3.0.3-cp312-cp312-win_amd64.whl.metadata
  Downloading markupsafe-3.0.3-cp312-cp312-win_amd64.whl.metadata (2.8 kB)
Downloading diskcache-5.6.3-py3-none-any.whl (45 kB)
Downloading jinja2-3.1.6-py3-none-any.whl (134 kB)
Downloading markupsafe-3.0.3-cp312-cp312-win_amd64.whl (15 kB)
Downloading numpy-2.4.4-cp312-cp312-win_amd64.whl (12.3 MB)
   ---------------------------------------- 12.3/12.3 MB 8.4 MB/s  0:00:01
Downloading typing_extensions-4.15.0-py3-none-any.whl (44 kB)
Building wheels for collected packages: llama-cpp-python
  Building wheel for llama-cpp-python (pyproject.toml): started
  Running command Building wheel for llama-cpp-python (pyproject.toml)
  *** scikit-build-core 0.12.2 using CMake 4.3.2 (wheel)
  *** Configuring CMake...
  2026-05-01 04:15:19,714 - scikit_build_core - WARNING - Can't find a Python library, got libdir=None, ldlibrary=None, multiarch=None, masd=None
  loading initial cache file C:\Users\gabri\AppData\Local\Temp\tmp4ei4m6co\build\CMakeInit.txt
  -- Building for: Ninja
  -- The C compiler identification is MSVC 19.44.35217.0
  -- The CXX compiler identification is MSVC 19.44.35217.0
  -- Detecting C compiler ABI info
  -- Detecting C compiler ABI info - done
  -- Check for working C compiler: C:/Program Files/Microsoft Visual Studio/2022/Community/VC/Tools/MSVC/14.44.35207/bin/Hostx64/x64/cl.exe - skipped
  -- Detecting C compile features
  -- Detecting C compile features - done
  -- Detecting CXX compiler ABI info
  -- Detecting CXX compiler ABI info - done
  -- Check for working CXX compiler: C:/Program Files/Microsoft Visual Studio/2022/Community/VC/Tools/MSVC/14.44.35207/bin/Hostx64/x64/cl.exe - skipped
  -- Detecting CXX compile features
  -- Detecting CXX compile features - done
  CMAKE_BUILD_TYPE=Release
  -- Found Git: C:/Program Files/Git/cmd/git.exe (found version "2.51.0.windows.2")
  -- The ASM compiler identification is MSVC
  CMake Warning (dev) at C:/Users/gabri/AppData/Local/Temp/pip-build-env-57wgv5vk/normal/Lib/site-packages/cmake/data/share/cmake-4.3/Modules/CMakeDetermineASMCompiler.cmake:234 (message):
    Policy CMP194 is not set: MSVC is not an assembler for language ASM.  Run
    "cmake --help-policy CMP194" for policy details.  Use the cmake_policy
    command to set the policy and suppress this warning.
  Call Stack (most recent call first):
    vendor/llama.cpp/ggml/CMakeLists.txt:2 (project)
  This warning is for project developers.  Use -Wno-dev to suppress it.

  -- Found assembler: C:/Program Files/Microsoft Visual Studio/2022/Community/VC/Tools/MSVC/14.44.35207/bin/Hostx64/x64/cl.exe
  -- Performing Test CMAKE_HAVE_LIBC_PTHREAD
  -- Performing Test CMAKE_HAVE_LIBC_PTHREAD - Failed
  -- Looking for pthread_create in pthreads
  -- Looking for pthread_create in pthreads - not found
  -- Looking for pthread_create in pthread
  -- Looking for pthread_create in pthread - not found
  -- Found Threads: TRUE
  -- Warning: ccache not found - consider installing it for faster compilation or disable this warning with GGML_CCACHE=OFF
  -- CMAKE_SYSTEM_PROCESSOR: AMD64
  -- CMAKE_GENERATOR_PLATFORM:
  -- GGML_SYSTEM_ARCH: x86
  -- Including CPU backend
  -- Found OpenMP_C: -openmp (found version "2.0")
  -- Found OpenMP_CXX: -openmp (found version "2.0")
  -- Found OpenMP: TRUE (found version "2.0")
  -- x86 detected
  -- Performing Test HAS_AVX_1
  -- Performing Test HAS_AVX_1 - Success
  -- Performing Test HAS_AVX2_1
  -- Performing Test HAS_AVX2_1 - Success
  -- Performing Test HAS_FMA_1
  -- Performing Test HAS_FMA_1 - Success
  -- Performing Test HAS_AVX512_1
  -- Performing Test HAS_AVX512_1 - Failed
  -- Performing Test HAS_AVX512_2
  -- Performing Test HAS_AVX512_2 - Failed
  -- Adding CPU backend variant ggml-cpu: /arch:AVX2 GGML_AVX2;GGML_FMA;GGML_F16C
  -- Found CUDAToolkit: C:/Program Files/NVIDIA GPU Computing Toolkit/CUDA/v13.2/include;C:/Program Files/NVIDIA GPU Computing Toolkit/CUDA/v13.2/include/cccl (found version "13.2.78")
  -- CUDA Toolkit found
  -- The CUDA compiler identification is NVIDIA 13.2.78 with host compiler MSVC 19.44.35217.0
  -- Detecting CUDA compiler ABI info
  -- Detecting CUDA compiler ABI info - failed
  -- Check for working CUDA compiler: C:/Program Files/NVIDIA GPU Computing Toolkit/CUDA/v13.2/bin/nvcc.exe
  -- Check for working CUDA compiler: C:/Program Files/NVIDIA GPU Computing Toolkit/CUDA/v13.2/bin/nvcc.exe - broken
  CMake Error at C:/Users/gabri/AppData/Local/Temp/pip-build-env-57wgv5vk/normal/Lib/site-packages/cmake/data/share/cmake-4.3/Modules/CMakeTestCUDACompiler.cmake:59 (message):
    The CUDA compiler

      "C:/Program Files/NVIDIA GPU Computing Toolkit/CUDA/v13.2/bin/nvcc.exe"

    is not able to compile a simple test program.

    It fails with the following output:

      Change Dir: 'C:/Users/gabri/AppData/Local/Temp/tmp4ei4m6co/build/CMakeFiles/CMakeScratch/TryCompile-oprpgi'

      Run Build Command(s): "C:/Users/gabri/OneDrive/Desktop/Ollama reactjs LLM DeepSeek Integration/server/.venv/Scripts/ninja" -v cmTC_a3619
      [1/2] "C:\PROGRA~1\NVIDIA GPU Computing Toolkit\CUDA\v13.2\bin\nvcc.exe" -forward-unknown-to-host-compiler -D_MBCS  -D_WINDOWS -Xcompiler=" /EHsc"  -Xcompiler=" -Zi -Ob0 -Od /RTC1" "--generate-code=arch=compute_61,code=[compute_61,sm_61]" -Xcompiler=-MDd -MD -MT CMakeFiles\cmTC_a3619.dir\main.cu.obj -MF CMakeFiles\cmTC_a3619.dir\main.cu.obj.d -x cu -c C:\Users\gabri\AppData\Local\Temp\tmp4ei4m6co\build\CMakeFiles\CMakeScratch\TryCompile-oprpgi\main.cu -o CMakeFiles\cmTC_a3619.dir\main.cu.obj -Xcompiler=-FdCMakeFiles\cmTC_a3619.dir\,-FS
      FAILED: [code=1] CMakeFiles/cmTC_a3619.dir/main.cu.obj
      "C:\PROGRA~1\NVIDIA GPU Computing Toolkit\CUDA\v13.2\bin\nvcc.exe" -forward-unknown-to-host-compiler -D_MBCS  -D_WINDOWS -Xcompiler=" /EHsc"  -Xcompiler=" -Zi -Ob0 -Od /RTC1" "--generate-code=arch=compute_61,code=[compute_61,sm_61]" -Xcompiler=-MDd -MD -MT CMakeFiles\cmTC_a3619.dir\main.cu.obj -MF CMakeFiles\cmTC_a3619.dir\main.cu.obj.d -x cu -c C:\Users\gabri\AppData\Local\Temp\tmp4ei4m6co\build\CMakeFiles\CMakeScratch\TryCompile-oprpgi\main.cu -o CMakeFiles\cmTC_a3619.dir\main.cu.obj -Xcompiler=-FdCMakeFiles\cmTC_a3619.dir\,-FS
      nvcc fatal   : Unsupported gpu architecture 'compute_61'
      ninja: build stopped: subcommand failed.





    CMake will not be able to correctly generate this project.
  Call Stack (most recent call first):
    vendor/llama.cpp/ggml/src/ggml-cuda/CMakeLists.txt:58 (enable_language)


  -- Configuring incomplete, errors occurred!

  *** CMake configuration failed
  error: subprocess-exited-with-error
  
  Building wheel for llama-cpp-python (pyproject.toml) did not run successfully.
  exit code: 1
  
  No available output.
  
  note: This error originates from a subprocess, and is likely not a problem with pip.
  full command: 'C:\Users\gabri\OneDrive\Desktop\Ollama reactjs LLM DeepSeek Integration\server\.venv\Scripts\python.exe' 'C:\Users\gabri\OneDrive\Desktop\Ollama reactjs LLM DeepSeek Integration\server\.venv\Lib\site-packages\pip\_vendor\pyproject_hooks\_in_process\_in_process.py' build_wheel 'C:\Users\gabri\AppData\Local\Temp\tmp_70rozj8'
  cwd: C:\Users\gabri\AppData\Local\Temp\pip-install-wssvwbwc\llama-cpp-python_79dc2c34b3704df3a8cf13abcb5a8526
  Building wheel for llama-cpp-python (pyproject.toml): finished with status 'error'
  ERROR: Failed building wheel for llama-cpp-python
Failed to build llama-cpp-python
error: failed-wheel-build-for-install

Failed to build installable wheels for some pyproject.toml based projects

llama-cpp-python

Exit code: 1
